<!DOCTYPE html>
<html lang="en">
<head>
    <meta charset="utf-8">
    <meta name="viewport" content="width=device-width, initial-scale=1.0">
    <meta name="generator" content="rustdoc">
    <meta name="description" content="API documentation for the Rust `goldenfile` crate.">
    <meta name="keywords" content="rust, rustlang, rust-lang, goldenfile">

    <title>goldenfile - Rust</title>

    <link rel="stylesheet" type="text/css" href="../rustdoc.css">
    <link rel="stylesheet" type="text/css" href="../main.css">
    

    
    
</head>
<body class="rustdoc">
    <!--[if lte IE 8]>
    <div class="warning">
        This old browser is unsupported and will most likely display funky
        things.
    </div>
    <![endif]-->

    

    <nav class="sidebar">
        
        <p class='location'></p><script>window.sidebarCurrent = {name: 'goldenfile', ty: 'mod', relpath: '../'};</script>
    </nav>

    <nav class="sub">
        <form class="search-form js-only">
            <div class="search-container">
                <input class="search-input" name="search"
                       autocomplete="off"
                       placeholder="Click or press ‘S’ to search, ‘?’ for more options…"
                       type="search">
            </div>
        </form>
    </nav>

    <section id='main' class="content mod">
<h1 class='fqn'><span class='in-band'>Crate <a class='mod' href=''>goldenfile</a></span><span class='out-of-band'><span id='render-detail'>
                   <a id="toggle-all-docs" href="javascript:void(0)" title="collapse all docs">
                       [<span class='inner'>&#x2212;</span>]
                   </a>
               </span><a id='src-0' class='srclink' href='../src/goldenfile/src/lib.rs.html#1-41' title='goto source code'>[src]</a></span></h1>
<div class='docblock'><p>This library provides a simple API for goldenfile testing.</p>

<p>Goldenfile tests generate one or more output files as they run. At the end
of the test, these output files are compared to the same files produced by
previous runs. This ensures that:</p>

<ol>
<li>Goldenfiles cannot change accidentally.</li>
<li>All changes are explicit and version controlled.</li>
</ol>

<h1 id='example' class='section-header'><a href='#example'>Example</a></h1>
<pre class='rust rust-example-rendered'>
<span class='attribute'>#[<span class='ident'>test</span>]</span>
<span class='kw'>fn</span> <span class='ident'>test</span>() {
  <span class='kw'>let</span> <span class='kw-2'>mut</span> <span class='ident'>mint</span> <span class='op'>=</span> <span class='ident'>Mint</span>::<span class='ident'>new</span>(<span class='string'>&quot;tests/goldenfiles&quot;</span>);
  <span class='kw'>let</span> <span class='kw-2'>mut</span> <span class='ident'>file1</span> <span class='op'>=</span> <span class='ident'>mint</span>.<span class='ident'>new_goldenfile</span>(<span class='string'>&quot;file1.txt&quot;</span>).<span class='ident'>unwrap</span>();
  <span class='kw'>let</span> <span class='kw-2'>mut</span> <span class='ident'>file2</span> <span class='op'>=</span> <span class='ident'>mint</span>.<span class='ident'>new_goldenfile</span>(<span class='string'>&quot;file2.txt&quot;</span>).<span class='ident'>unwrap</span>();

  <span class='macro'>write</span><span class='macro'>!</span>(<span class='ident'>file1</span>, <span class='string'>&quot;Hello &quot;</span>).<span class='ident'>unwrap</span>();
  <span class='macro'>write</span><span class='macro'>!</span>(<span class='ident'>file1</span>, <span class='string'>&quot;World!&quot;</span>).<span class='ident'>unwrap</span>();
  <span class='macro'>write</span><span class='macro'>!</span>(<span class='ident'>file2</span>, <span class='string'>&quot;Foo&quot;</span>).<span class='ident'>unwrap</span>();
  <span class='macro'>write</span><span class='macro'>!</span>(<span class='ident'>file2</span>, <span class='string'>&quot;Bar&quot;</span>).<span class='ident'>unwrap</span>();

  <span class='comment'>// When the Mint goes out of scope, it will check the new contents of file1</span>
  <span class='comment'>// and file2 against their old (golden) contents and fail the test if they</span>
  <span class='comment'>// differ. The original contents will not be modified unless you run:</span>
  <span class='comment'>//</span>
  <span class='comment'>//     env REGENERATE_GOLDENFILES=1 cargo test</span>
  <span class='comment'>//</span>
}</pre>
</div><h2 id='reexports' class='section-header'><a href="#reexports">Reexports</a></h2>
<table><tr><td><code>pub use <a class='mod' href='../goldenfile/mint/index.html' title='goldenfile::mint'>mint</a>::*;</code></td></tr></table><h2 id='modules' class='section-header'><a href="#modules">Modules</a></h2>
<table>
                       <tr class=' module-item'>
                           <td><a class='mod' href='differs/index.html'
                                  title='goldenfile::differs'>differs</a></td>
                           <td class='docblock-short'>
                                <p>Functions for comparing files.</p>
                           </td>
                       </tr>
                       <tr class=' module-item'>
                           <td><a class='mod' href='mint/index.html'
                                  title='goldenfile::mint'>mint</a></td>
                           <td class='docblock-short'>
                                <p>Used to create goldenfiles.</p>
                           </td>
                       </tr></table></section>
    <section id='search' class="content hidden"></section>

    <section class="footer"></section>

    <aside id="help" class="hidden">
        <div>
            <h1 class="hidden">Help</h1>

            <div class="shortcuts">
                <h2>Keyboard Shortcuts</h2>

                <dl>
                    <dt>?</dt>
                    <dd>Show this help dialog</dd>
                    <dt>S</dt>
                    <dd>Focus the search field</dd>
                    <dt>&larrb;</dt>
                    <dd>Move up in search results</dd>
                    <dt>&rarrb;</dt>
                    <dd>Move down in search results</dd>
                    <dt>&#9166;</dt>
                    <dd>Go to active search result</dd>
                    <dt>+</dt>
                    <dd>Collapse/expand all sections</dd>
                </dl>
            </div>

            <div class="infos">
                <h2>Search Tricks</h2>

                <p>
                    Prefix searches with a type followed by a colon (e.g.
                    <code>fn:</code>) to restrict the search to a given type.
                </p>

                <p>
                    Accepted types are: <code>fn</code>, <code>mod</code>,
                    <code>struct</code>, <code>enum</code>,
                    <code>trait</code>, <code>type</code>, <code>macro</code>,
                    and <code>const</code>.
                </p>

                <p>
                    Search functions by type signature (e.g.
                    <code>vec -> usize</code> or <code>* -> vec</code>)
                </p>
            </div>
        </div>
    </aside>

    

    <script>
        window.rootPath = "../";
        window.currentCrate = "goldenfile";
    </script>
    <script src="../jquery.js"></script>
    <script src="../main.js"></script>
    <script defer src="../search-index.js"></script>
</body>
</html>