<!DOCTYPE html>
<html lang="en">
<head>
    <meta http-equiv="refresh" content="0;URL=type.Differ.html">
</head>
<body>
    <p>Redirecting to <a href="type.Differ.html">type.Differ.html</a>...</p>
    <script>location.replace("type.Differ.html" + location.search + location.hash);</script>
</body>
</html>