<!DOCTYPE html>
<html lang="en">
<head>
    <meta http-equiv="refresh" content="0;URL=fn.text_diff.html">
</head>
<body>
    <p>Redirecting to <a href="fn.text_diff.html">fn.text_diff.html</a>...</p>
    <script>location.replace("fn.text_diff.html" + location.search + location.hash);</script>
</body>
</html>