<!DOCTYPE html>
<html lang="en">
<head>
    <meta http-equiv="refresh" content="0;URL=struct.Mint.html">
</head>
<body>
    <p>Redirecting to <a href="struct.Mint.html">struct.Mint.html</a>...</p>
    <script>location.replace("struct.Mint.html" + location.search + location.hash);</script>
</body>
</html>