<!DOCTYPE html>
<html lang="en">
<head>
    <meta charset="utf-8">
    <meta name="viewport" content="width=device-width, initial-scale=1.0">
    <meta name="generator" content="rustdoc">
    <meta name="description" content="API documentation for the Rust `Mint` struct in crate `goldenfile`.">
    <meta name="keywords" content="rust, rustlang, rust-lang, Mint">

    <title>goldenfile::mint::Mint - Rust</title>

    <link rel="stylesheet" type="text/css" href="../../rustdoc.css">
    <link rel="stylesheet" type="text/css" href="../../main.css">
    

    
    
</head>
<body class="rustdoc">
    <!--[if lte IE 8]>
    <div class="warning">
        This old browser is unsupported and will most likely display funky
        things.
    </div>
    <![endif]-->

    

    <nav class="sidebar">
        
        <p class='location'><a href='../index.html'>goldenfile</a>::<wbr><a href='index.html'>mint</a></p><script>window.sidebarCurrent = {name: 'Mint', ty: 'struct', relpath: ''};</script><script defer src="sidebar-items.js"></script>
    </nav>

    <nav class="sub">
        <form class="search-form js-only">
            <div class="search-container">
                <input class="search-input" name="search"
                       autocomplete="off"
                       placeholder="Click or press ‘S’ to search, ‘?’ for more options…"
                       type="search">
            </div>
        </form>
    </nav>

    <section id='main' class="content struct">
<h1 class='fqn'><span class='in-band'>Struct <a href='../index.html'>goldenfile</a>::<wbr><a href='index.html'>mint</a>::<wbr><a class='struct' href=''>Mint</a></span><span class='out-of-band'><span id='render-detail'>
                   <a id="toggle-all-docs" href="javascript:void(0)" title="collapse all docs">
                       [<span class='inner'>&#x2212;</span>]
                   </a>
               </span><a id='src-26' class='srclink' href='../../src/goldenfile/src/mint.rs.html#22-26' title='goto source code'>[src]</a></span></h1>
<pre class='rust struct'>pub struct Mint { /* fields omitted */ }</pre><div class='docblock'><p>A Mint creates goldenfiles.</p>

<p>When a Mint goes out of scope, it will do one of two things depending on the
value of the <code>REGENERATE_GOLDENFILES</code> environment variable:</p>

<ol>
<li>If <code>REGENERATE_GOLDENFILES!=1</code>, it will check the new goldenfile
 contents against their old contents, and panic if they differ.</li>
<li>If <code>REGENERATE_GOLDENFILES=1</code>, it will replace the old goldenfile
 contents with the newly written contents.</li>
</ol>
</div><h2 id='methods'>Methods</h2><h3 class='impl'><span class='in-band'><code>impl <a class='struct' href='../../goldenfile/mint/struct.Mint.html' title='goldenfile::mint::Mint'>Mint</a></code></span><span class='out-of-band'><div class='ghost'></div><a id='src-30' class='srclink' href='../../src/goldenfile/src/mint.rs.html#28-101' title='goto source code'>[src]</a></span></h3>
<div class='impl-items'><h4 id='method.new' class='method'><span id='new.v' class='invisible'><code>fn <a href='#method.new' class='fnname'>new</a>&lt;P:&nbsp;<a class='trait' href='https://doc.rust-lang.org/nightly/core/convert/trait.AsRef.html' title='core::convert::AsRef'>AsRef</a>&lt;<a class='struct' href='https://doc.rust-lang.org/nightly/std/path/struct.Path.html' title='std::path::Path'>Path</a>&gt;&gt;(path: P) -&gt; Self</code></span></h4>
<div class='docblock'><p>Create a new goldenfile Mint.</p>

<p>All goldenfiles will be created in the Mint&#39;s directory.</p>
</div><h4 id='method.new_goldenfile' class='method'><span id='new_goldenfile.v' class='invisible'><code>fn <a href='#method.new_goldenfile' class='fnname'>new_goldenfile</a>&lt;P:&nbsp;<a class='trait' href='https://doc.rust-lang.org/nightly/core/convert/trait.AsRef.html' title='core::convert::AsRef'>AsRef</a>&lt;<a class='struct' href='https://doc.rust-lang.org/nightly/std/path/struct.Path.html' title='std::path::Path'>Path</a>&gt;&gt;(&amp;mut self, path: P) -&gt; <a class='type' href='https://doc.rust-lang.org/nightly/std/io/error/type.Result.html' title='std::io::error::Result'>Result</a>&lt;<a class='struct' href='https://doc.rust-lang.org/nightly/std/fs/struct.File.html' title='std::fs::File'>File</a>&gt;</code></span></h4>
<div class='docblock'><p>Create a new goldenfile.</p>

<p>The returned file is actually a temporary file, not the goldenfile
itself. When the Mint goes out of scope, it will either check the temp
file against the real goldenfile, or replace the real goldenfile based
on the value of the <code>REGENERATE_GOLDENFILES</code> environment variable.</p>
</div><h4 id='method.check_goldenfiles' class='method'><span id='check_goldenfiles.v' class='invisible'><code>fn <a href='#method.check_goldenfiles' class='fnname'>check_goldenfiles</a>(&amp;self)</code></span></h4>
<div class='docblock'><p>Check new goldenfile contents against old, and panic if they differ.</p>

<p>This is called automatically when a Mint goes out of scope and
<code>REGENERATE_GOLDENFILES!=1</code>.</p>
</div><h4 id='method.update_goldenfiles' class='method'><span id='update_goldenfiles.v' class='invisible'><code>fn <a href='#method.update_goldenfiles' class='fnname'>update_goldenfiles</a>(&amp;self)</code></span></h4>
<div class='docblock'><p>Overwrite old goldenfile contents with their new contents.</p>

<p>This is called automatically when a Mint goes out of scope and
<code>REGENERATE_GOLDENFILES=1</code>.</p>
</div></div><h2 id='implementations'>Trait Implementations</h2><h3 class='impl'><span class='in-band'><code>impl <a class='trait' href='https://doc.rust-lang.org/nightly/core/ops/trait.Drop.html' title='core::ops::Drop'>Drop</a> for <a class='struct' href='../../goldenfile/mint/struct.Mint.html' title='goldenfile::mint::Mint'>Mint</a></code></span><span class='out-of-band'><div class='ghost'></div><a id='src-56' class='srclink' href='../../src/goldenfile/src/mint.rs.html#103-112' title='goto source code'>[src]</a></span></h3>
<div class='impl-items'><h4 id='method.drop' class='method'><span id='drop.v' class='invisible'><code>fn <a href='https://doc.rust-lang.org/nightly/core/ops/trait.Drop.html#tymethod.drop' class='fnname'>drop</a>(&amp;mut self)</code></span></h4>
<div class='docblock'><p>A method called when the value goes out of scope. <a href="https://doc.rust-lang.org/nightly/core/ops/trait.Drop.html#tymethod.drop">Read more</a></p>
</div></div></section>
    <section id='search' class="content hidden"></section>

    <section class="footer"></section>

    <aside id="help" class="hidden">
        <div>
            <h1 class="hidden">Help</h1>

            <div class="shortcuts">
                <h2>Keyboard Shortcuts</h2>

                <dl>
                    <dt>?</dt>
                    <dd>Show this help dialog</dd>
                    <dt>S</dt>
                    <dd>Focus the search field</dd>
                    <dt>&larrb;</dt>
                    <dd>Move up in search results</dd>
                    <dt>&rarrb;</dt>
                    <dd>Move down in search results</dd>
                    <dt>&#9166;</dt>
                    <dd>Go to active search result</dd>
                    <dt>+</dt>
                    <dd>Collapse/expand all sections</dd>
                </dl>
            </div>

            <div class="infos">
                <h2>Search Tricks</h2>

                <p>
                    Prefix searches with a type followed by a colon (e.g.
                    <code>fn:</code>) to restrict the search to a given type.
                </p>

                <p>
                    Accepted types are: <code>fn</code>, <code>mod</code>,
                    <code>struct</code>, <code>enum</code>,
                    <code>trait</code>, <code>type</code>, <code>macro</code>,
                    and <code>const</code>.
                </p>

                <p>
                    Search functions by type signature (e.g.
                    <code>vec -> usize</code> or <code>* -> vec</code>)
                </p>
            </div>
        </div>
    </aside>

    

    <script>
        window.rootPath = "../../";
        window.currentCrate = "goldenfile";
    </script>
    <script src="../../jquery.js"></script>
    <script src="../../main.js"></script>
    <script defer src="../../search-index.js"></script>
</body>
</html>